warning: unused import: `creusot_contracts::*`
 --> 463.rs:2:5
  |
2 | use creusot_contracts::*;
  |     ^^^^^^^^^^^^^^^^^^^^
  |
  = note: `#[warn(unused_imports)]` on by default

warning: unused variable: `c`
 --> 463.rs:4:9
  |
4 |     let c = {
  |         ^ help: if this is intentional, prefix it with an underscore: `_c`
  |
  = note: `#[warn(unused_variables)]` on by default

warning: 2 warnings emitted

