warning: support for string types is partial and experimental, expect to encounter limitations.

warning: 1 warning emitted

