Translating Item(DefId(2:3076 ~ core[92c0]::cmp::impls::{impl#9}::eq), [ReErased, ReErased, T, T])
Translating Item(DefId(2:3076 ~ core[92c0]::cmp::impls::{impl#9}::eq), [ReErased, ReErased, A, B])
