---- DefId(20:679 ~ creusot_contracts[be3c]::logic::ord::OrdLogic::cmp_log) ----
--------
---- DefId(20:680 ~ creusot_contracts[be3c]::logic::ord::OrdLogic::le_log) ----
--------
---- DefId(0:9 ~ 02_gnome[1736]::sorted_range) ----
---- DefId(20:858 ~ creusot_contracts[be3c]::logic::seq::{impl#3}::index) ----
--------
---- DefId(20:709 ~ creusot_contracts[be3c]::logic::ord::{impl#1}::lt_log) ----
--------
---- DefId(20:708 ~ creusot_contracts[be3c]::logic::ord::{impl#1}::le_log) ----
--------
--------
---- DefId(0:13 ~ 02_gnome[1736]::sorted) ----
---- DefId(20:847 ~ creusot_contracts[be3c]::logic::seq::{impl#2}::len) ----
--------
---- DefId(20:639 ~ creusot_contracts[be3c]::logic::int::{impl#27}::from) ----
--------
--------
---- DefId(20:2240 ~ creusot_contracts[be3c]::std#1::vec::{impl#0}::model) ----
--------
---- DefId(20:852 ~ creusot_contracts[be3c]::logic::seq::{impl#2}::permutation_of) ----
--------
---- DefId(20:2140 ~ creusot_contracts[be3c]::std#1::slice::SliceIndexSpec::in_bounds) ----
--------
---- DefId(20:2141 ~ creusot_contracts[be3c]::std#1::slice::SliceIndexSpec::has_value) ----
--------
---- DefId(20:2130 ~ creusot_contracts[be3c]::std#1::slice::{impl#0}::model) ----
--------
---- DefId(20:671 ~ creusot_contracts[be3c]::logic::model::Model::model) ----
--------
---- DefId(20:673 ~ creusot_contracts[be3c]::logic::model::{impl#1}::model) ----
--------
---- DefId(20:826 ~ creusot_contracts[be3c]::logic::resolve::Resolve::resolve) ----
--------
---- DefId(20:582 ~ creusot_contracts[be3c]::logic::ghost::{impl#1}::inner) ----
--------
---- DefId(20:833 ~ creusot_contracts[be3c]::logic::resolve::{impl#1}::resolve) ----
--------
---- DefId(20:2143 ~ creusot_contracts[be3c]::std#1::slice::{impl#3}::in_bounds) ----
--------
---- DefId(20:2144 ~ creusot_contracts[be3c]::std#1::slice::{impl#3}::has_value) ----
--------
---- DefId(20:682 ~ creusot_contracts[be3c]::logic::ord::OrdLogic::cmp_le_log) ----
--------
---- DefId(20:683 ~ creusot_contracts[be3c]::logic::ord::OrdLogic::lt_log) ----
--------
---- DefId(20:685 ~ creusot_contracts[be3c]::logic::ord::OrdLogic::cmp_lt_log) ----
--------
---- DefId(20:686 ~ creusot_contracts[be3c]::logic::ord::OrdLogic::ge_log) ----
--------
---- DefId(20:688 ~ creusot_contracts[be3c]::logic::ord::OrdLogic::cmp_ge_log) ----
--------
---- DefId(20:689 ~ creusot_contracts[be3c]::logic::ord::OrdLogic::gt_log) ----
--------
---- DefId(20:691 ~ creusot_contracts[be3c]::logic::ord::OrdLogic::cmp_gt_log) ----
--------
---- DefId(20:693 ~ creusot_contracts[be3c]::logic::ord::OrdLogic::refl) ----
--------
---- DefId(20:697 ~ creusot_contracts[be3c]::logic::ord::OrdLogic::trans) ----
--------
---- DefId(20:700 ~ creusot_contracts[be3c]::logic::ord::OrdLogic::antisym1) ----
--------
---- DefId(20:703 ~ creusot_contracts[be3c]::logic::ord::OrdLogic::antisym2) ----
--------
---- DefId(20:705 ~ creusot_contracts[be3c]::logic::ord::OrdLogic::eq_cmp) ----
--------
