thread 'rustc' panicked at 'not yet implemented: implement promoted', creusot/src/translation/constant.rs:81:9
note: run with `RUST_BACKTRACE=1` environment variable to display a backtrace

note: Creusot has panic-ed!
  |
  = note: Oops, that shouldn't have happened, sorry about that.
  = note: Please report this bug over here: https://github.com/xldenis/creusot/issues/new

