warning: unused import: `creusot_contracts::*`
 --> assoc_type.rs:2:5
  |
2 | use creusot_contracts::*;
  |     ^^^^^^^^^^^^^^^^^^^^
  |
  = note: `#[warn(unused_imports)]` on by default

warning: unused variable: `x`
  --> assoc_type.rs:12:16
   |
12 | fn uses<T: Tr>(x: Assoc<T>) {}
   |                ^ help: if this is intentional, prefix it with an underscore: `_x`
   |
   = note: `#[warn(unused_variables)]` on by default

warning: struct `Assoc` is never constructed
 --> assoc_type.rs:8:8
  |
8 | struct Assoc<T: Tr> {
  |        ^^^^^
  |
  = note: `#[warn(dead_code)]` on by default

warning: function `uses` is never used
  --> assoc_type.rs:12:4
   |
12 | fn uses<T: Tr>(x: Assoc<T>) {}
   |    ^^^^

error[creusot]: associated types are unsupported in type declarations
 --> assoc_type.rs:9:5
  |
9 |     item: T::A,
  |     ^^^^^^^^^^

error: aborting due to previous error; 4 warnings emitted

